Microchip MPLAB XC8 Compiler V2.36

Linker command line:

-W-3 --edf=C:\Program Files\Microchip\xc8\v2.36\pic\dat\en_msgs.txt -cn \
  -h+dist/default/production\XC8-18F25K22_EEPROMInternal_ReadWrite.X.production.sym \
  --cmf=dist/default/production\XC8-18F25K22_EEPROMInternal_ReadWrite.X.production.cmf \
  -z -Q18F25K22 -oC:\Users\mrchu\AppData\Local\Temp\xcAsk60.4 \
  --defsym=__MPLAB_BUILD=1 \
  -Mdist/default/production/XC8-18F25K22_EEPROMInternal_ReadWrite.X.production.map \
  --md=C:\Users\mrchu\AppData\Local\Temp\xcAsk60.dat -E1 -ver=XC8 Compiler \
  --acfsm=1493 -ACODE=00h-07FFFh -ACONST=00h-07FFFh \
  -ASMALLCONST=0600h-06FFhx122 -AMEDIUMCONST=0600h-07FFFh -ACOMRAM=01h-05Fh \
  -AABS1=00h-05FFh -ABIGRAM=01h-05FFh -ARAM=060h-0FFh,0100h-01FFhx5 \
  -ABANK0=060h-0FFh -ABANK1=0100h-01FFh -ABANK2=0200h-02FFh \
  -ABANK3=0300h-03FFh -ABANK4=0400h-04FFh -ABANK5=0500h-05FFh \
  -ASFR=0F38h-0F5Fh,0F60h-0FFFh -ABIGSFR=0F38h-0FFFh \
  -ACONFIG=0300000h-030000Dh -AIDLOC=0200000h-0200007h \
  -AEEDATA=0F00000h-0F000FFh -peeprom_data=EEDATA \
  -preset_vec=00h,intcode,intcodelo,powerup,init -pramtop=0600h \
  -psmallconst=SMALLCONST -pmediumconst=MEDIUMCONST -pconst=CONST \
  -AFARRAM=00h-00h \
  -prdata=COMRAM,nvrram=COMRAM,nvbit=COMRAM,rbss=COMRAM,rbit=COMRAM \
  -pfarbss=FARRAM,fardata=FARRAM,nvFARRAM=FARRAM \
  -pintsave_regs=BIGRAM,bigbss=BIGRAM,bigdata=BIGRAM -pbss=RAM \
  -pidata=CODE,irdata=CODE,ibigdata=CODE,ifardata=CODE -prparam=COMRAM \
  C:\Users\mrchu\AppData\Local\Temp\xcAsk60.o \
  dist/default/production\XC8-18F25K22_EEPROMInternal_ReadWrite.X.production.o 

Object code version is 3.11

Machine type is 18F25K22



                Name                               Link     Load   Length Selector   Space Scale
C:\Users\mrchu\AppData\Local\Temp\xcAsk60.o
                idloc                            200000   200000        8        0       5
                config                           300000   300000        E        0       4
                init                                  0        0        4        0       0
dist/default/production\XC8-18F25K22_EEPROMInternal_ReadWrite.X.production.o
                idloc                            200000   200000        8        0       5
                config                           300000   300000        E        0       4
                text8                              7E98     7E98       3A     3F4C       0
                text7                              7D92     7D92       10     3EC9       0
                text6                              7DF8     7DF8       32     3EFC       0
                text5                              7ED2     7ED2       42     3F69       0
                text4                              7DB2     7DB2       20     3ED9       0
                text3                              7E2A     7E2A       36     3F15       0
                text2                              7E60     7E60       38     3F30       0
                text1                              7F14     7F14       EC     3F8A       0
                text0                              7DA2     7DA2       10     3ED1       0
                cstackCOMRAM                          1        1       19        1       1
                dataCOMRAM                           1A       1A        5        1       1
                cinit                              7DD2     7DD2       26     3EE9       0
                idataCOMRAM                        7D8D     7D8D        5     7D8D       0

TOTAL           Name                               Link     Load   Length     Space
        CLASS   CODE           
                init                                  0        0        4         0
                text8                              7E98     7E98       3A         0
                text7                              7D92     7D92       10         0
                text6                              7DF8     7DF8       32         0
                text5                              7ED2     7ED2       42         0
                text4                              7DB2     7DB2       20         0
                text3                              7E2A     7E2A       36         0
                text2                              7E60     7E60       38         0
                text1                              7F14     7F14       EC         0
                text0                              7DA2     7DA2       10         0
                cinit                              7DD2     7DD2       26         0
                idataCOMRAM                        7D8D     7D8D        5         0

        CLASS   CONST          

        CLASS   SMALLCONST     

        CLASS   MEDIUMCONST    

        CLASS   COMRAM         
                cstackCOMRAM                          1        1       19         1
                dataCOMRAM                           1A       1A        5         1

        CLASS   ABS1           

        CLASS   BIGRAM         

        CLASS   RAM            

        CLASS   BANK0          

        CLASS   BANK1          

        CLASS   BANK2          

        CLASS   BANK3          

        CLASS   BANK4          

        CLASS   BANK5          

        CLASS   SFR            

        CLASS   BIGSFR         

        CLASS   CONFIG         
                config                           300000   300000        E         4

        CLASS   IDLOC          
                idloc                            200000   200000        8         5

        CLASS   EEDATA         

        CLASS   FARRAM         

        CLASS   HEAP           

        CLASS   STACK          



SEGMENTS        Name                           Load    Length   Top    Selector   Space  Class

                reset_vec                      000000  000004  000004         0       0  CODE    
                cstackCOMRAM                   000001  00001E  00001F         1       1  COMRAM  
                idataCOMRAM                    007D8D  000005  007D92      7D8D       0  CODE    
                text7                          007D92  000010  007DA2      3EC9       0  CODE    
                text0                          007DA2  000010  007DB2      3ED1       0  CODE    
                text4                          007DB2  000020  007DD2      3ED9       0  CODE    
                cinit                          007DD2  000026  007DF8      3EE9       0  CODE    
                text6                          007DF8  000032  007E2A      3EFC       0  CODE    
                text3                          007E2A  000036  007E60      3F15       0  CODE    
                text2                          007E60  000038  007E98      3F30       0  CODE    
                text8                          007E98  00003A  007ED2      3F4C       0  CODE    
                text5                          007ED2  000042  007F14      3F69       0  CODE    
                text1                          007F14  0000EC  008000      3F8A       0  CODE    


UNUSED ADDRESS RANGES

        Name                Unused          Largest block    Delta
        BANK0            000060-0000FF               A0
        BANK1            000100-0001FF              100
        BANK2            000200-0002FF              100
        BANK3            000300-0003FF              100
        BANK4            000400-0004FF              100
        BANK5            000500-0005FF              100
        BIGRAM           00001F-0005FF              5E1
        BIGSFR           000F38-000FFF               C8
        CODE             000004-007D8C             7D89
        COMRAM           00001F-00005F               41
        CONST            000004-007D8C             7D89
        EEDATA           F00000-F000FF              100
        MEDIUMCONST      000600-007D8C             778D
        RAM              000060-0005FF              100
        SFR              000F38-000FFF               28
        SMALLCONST       000600-007D8C              100

                                  Symbol Table

?_EEPROMInternal_IntRead              cstackCOMRAM 000002
EEPROMInternal_IntRead@AARG           cstackCOMRAM 000006
EEPROMInternal_IntRead@EEDIR          cstackCOMRAM 00000A
EEPROMInternal_IntRead@LSB_INT        cstackCOMRAM 000009
EEPROMInternal_IntRead@MSB_INT        cstackCOMRAM 000008
EEPROMInternal_IntWrite@AARG          cstackCOMRAM 000004
EEPROMInternal_IntWrite@EEDIR         cstackCOMRAM 000008
EEPROMInternal_IntWrite@LSB_INT       cstackCOMRAM 000006
EEPROMInternal_IntWrite@MSB_INT       cstackCOMRAM 000007
EEPROMInternal_Read@EEDIR             cstackCOMRAM 000001
EEPROMInternal_ReadBuffer@BUFF_COUNT  cstackCOMRAM 000006
EEPROMInternal_ReadBuffer@EEBUFFER    cstackCOMRAM 000002
EEPROMInternal_ReadBuffer@EEDIR       cstackCOMRAM 000005
EEPROMInternal_ReadBuffer@LEN         cstackCOMRAM 000004
EEPROMInternal_Write@EEDIR            cstackCOMRAM 000002
EEPROMInternal_Write@EEVAL            cstackCOMRAM 000001
EEPROMInternal_Write@GIEBitStatus     cstackCOMRAM 000003
EEPROMInternal_WriteBuffer@BUFF_COUNT cstackCOMRAM 000008
EEPROMInternal_WriteBuffer@EEBUFFER   cstackCOMRAM 000004
EEPROMInternal_WriteBuffer@EEDIR      cstackCOMRAM 000007
EEPROMInternal_WriteBuffer@LEN        cstackCOMRAM 000006
USER_EEPROMTest@F5775                 dataCOMRAM   00001A
USER_EEPROMTest@rEEPROM_BUFF          cstackCOMRAM 000012
USER_EEPROMTest@rwEEPROM_temp         cstackCOMRAM 000019
USER_EEPROMTest@rwEEPROM_tempINT      cstackCOMRAM 000017
USER_EEPROMTest@wEEPROM_BUFF          cstackCOMRAM 00000D
_ANSELA                               (abs)        000F38
_ANSELB                               (abs)        000F39
_ANSELC                               (abs)        000F3A
_EEADR                                (abs)        000FA9
_EECON1bits                           (abs)        000FA6
_EECON2                               (abs)        000FA7
_EEDATA                               (abs)        000FA8
_EEPROMInternal_IntRead               text6        007DF8
_EEPROMInternal_IntWrite              text4        007DB2
_EEPROMInternal_Read                  text7        007D92
_EEPROMInternal_ReadBuffer            text3        007E2A
_EEPROMInternal_Write                 text5        007ED2
_EEPROMInternal_WriteBuffer           text2        007E60
_INTCONbits                           (abs)        000FF2
_LATA                                 (abs)        000F89
_LATB                                 (abs)        000F8A
_LATC                                 (abs)        000F8B
_MCU_Init                             text8        007E98
_OSCCONbits                           (abs)        000FD3
_OSCTUNEbits                          (abs)        000F9B
_PIR2bits                             (abs)        000FA1
_PORTA                                (abs)        000F80
_PORTB                                (abs)        000F81
_PORTC                                (abs)        000F82
_TRISA                                (abs)        000F92
_TRISB                                (abs)        000F93
_TRISC                                (abs)        000F94
_USER_EEPROMTest                      text1        007F14
__HRAM                                (abs)        000000
__Habs1                               abs1         000000
__Hbank0                              bank0        000000
__Hbank1                              bank1        000000
__Hbank2                              bank2        000000
__Hbank3                              bank3        000000
__Hbank4                              bank4        000000
__Hbank5                              bank5        000000
__Hbigbss                             bigbss       000000
__Hbigdata                            bigdata      000000
__Hbigram                             bigram       000000
__Hbigsfr                             bigsfr       000000
__Hbss                                bss          000000
__Hcinit                              cinit        000000
__Hclrtext                            clrtext      000000
__Hcomram                             comram       000000
__Hconfig                             config       30000E
__Hconst                              const        000000
__HcstackCOMRAM                       cstackCOMRAM 000000
__Hdata                               data         000000
__HdataCOMRAM                         dataCOMRAM   000000
__Heeprom_data                        eeprom_data  000000
__Hfarbss                             farbss       000000
__Hfardata                            fardata      000000
__Hheap                               heap         000000
__Hibigdata                           ibigdata     000000
__Hidata                              idata        000000
__HidataCOMRAM                        idataCOMRAM  000000
__Hidloc                              idloc        200008
__Hifardata                           ifardata     000000
__Hinit                               init         000004
__Hintcode                            intcode      000000
__Hintcode_body                       intcode_body 000000
__Hintcodelo                          intcodelo    000000
__Hintentry                           intentry     000000
__Hintret                             intret       000000
__Hintsave_regs                       intsave_regs 000000
__Hirdata                             irdata       000000
__Hmediumconst                        mediumconst  000000
__HnvFARRAM                           nvFARRAM     000000
__Hnvbit                              nvbit        000000
__Hnvrram                             nvrram       000000
__Hparam                              rparam       000000
__Hpowerup                            powerup      000000
__Hram                                ram          000000
__Hramtop                             ramtop       000600
__Hrbit                               rbit         000000
__Hrbss                               rbss         000000
__Hrdata                              rdata        000000
__Hreset_vec                          reset_vec    000000
__Hrparam                             rparam       000000
__Hsfr                                sfr          000000
__Hsmallconst                         smallconst   000000
__Hspace_0                            (abs)        008000
__Hspace_1                            (abs)        00001F
__Hspace_2                            (abs)        000000
__Hspace_4                            (abs)        60000E
__Hstack                              stack        000000
__Hstruct                             struct       000000
__Htemp                               temp         000000
__Htext                               text         000000
__Htext0                              text0        000000
__Htext1                              text1        000000
__Htext2                              text2        000000
__Htext3                              text3        000000
__Htext4                              text4        000000
__Htext5                              text5        000000
__Htext6                              text6        000000
__Htext7                              text7        000000
__Htext8                              text8        000000
__LRAM                                (abs)        000001
__Labs1                               abs1         000000
__Lbank0                              bank0        000000
__Lbank1                              bank1        000000
__Lbank2                              bank2        000000
__Lbank3                              bank3        000000
__Lbank4                              bank4        000000
__Lbank5                              bank5        000000
__Lbigbss                             bigbss       000000
__Lbigdata                            bigdata      000000
__Lbigram                             bigram       000000
__Lbigsfr                             bigsfr       000000
__Lbss                                bss          000000
__Lcinit                              cinit        000000
__Lclrtext                            clrtext      000000
__Lcomram                             comram       000000
__Lconfig                             config       000000
__Lconst                              const        000000
__LcstackCOMRAM                       cstackCOMRAM 000000
__Ldata                               data         000000
__LdataCOMRAM                         dataCOMRAM   000000
__Leeprom_data                        eeprom_data  000000
__Lfarbss                             farbss       000000
__Lfardata                            fardata      000000
__Lheap                               heap         000000
__Libigdata                           ibigdata     000000
__Lidata                              idata        000000
__LidataCOMRAM                        idataCOMRAM  000000
__Lidloc                              idloc        000000
__Lifardata                           ifardata     000000
__Linit                               init         000000
__Lintcode                            intcode      000000
__Lintcode_body                       intcode_body 000000
__Lintcodelo                          intcodelo    000000
__Lintentry                           intentry     000000
__Lintret                             intret       000000
__Lintsave_regs                       intsave_regs 000000
__Lirdata                             irdata       000000
__Lmediumconst                        mediumconst  000000
__LnvFARRAM                           nvFARRAM     000000
__Lnvbit                              nvbit        000000
__Lnvrram                             nvrram       000000
__Lparam                              rparam       000000
__Lpowerup                            powerup      000000
__Lram                                ram          000000
__Lramtop                             ramtop       000600
__Lrbit                               rbit         000000
__Lrbss                               rbss         000000
__Lrdata                              rdata        000000
__Lreset_vec                          reset_vec    000000
__Lrparam                             rparam       000000
__Lsfr                                sfr          000000
__Lsmallconst                         smallconst   000000
__Lspace_0                            (abs)        000000
__Lspace_1                            (abs)        000000
__Lspace_2                            (abs)        000000
__Lspace_4                            (abs)        000000
__Lstack                              stack        000000
__Lstruct                             struct       000000
__Ltemp                               temp         000000
__Ltext                               text         000000
__Ltext0                              text0        000000
__Ltext1                              text1        000000
__Ltext2                              text2        000000
__Ltext3                              text3        000000
__Ltext4                              text4        000000
__Ltext5                              text5        000000
__Ltext6                              text6        000000
__Ltext7                              text7        000000
__Ltext8                              text8        000000
__S0                                  (abs)        008000
__S1                                  (abs)        00001F
__S4                                  (abs)        000000
__S5                                  (abs)        000000
___heap_hi                            (abs)        000000
___heap_lo                            (abs)        000000
___inthi_sp                           stack        000000
___intlo_sp                           stack        000000
___param_bank                         (abs)        000000
___rparam_used                        (abs)        000001
___sp                                 stack        000000
__accesstop                           (abs)        000060
__activetblptr                        (abs)        000000
__end_of_EEPROMInternal_IntRead       text6        007E2A
__end_of_EEPROMInternal_IntWrite      text4        007DD2
__end_of_EEPROMInternal_Read          text7        007DA2
__end_of_EEPROMInternal_ReadBuffer    text3        007E60
__end_of_EEPROMInternal_Write         text5        007F14
__end_of_EEPROMInternal_WriteBuffer   text2        007E98
__end_of_MCU_Init                     text8        007ED2
__end_of_USER_EEPROMTest              text1        008000
__end_of__initialization              cinit        007DF2
__end_of_main                         text0        007DB2
__initialization                      cinit        007DD2
__mediumconst                         mediumconst  000000
__pcinit                              cinit        007DD2
__pcstackCOMRAM                       cstackCOMRAM 000001
__pdataCOMRAM                         dataCOMRAM   00001A
__pidataCOMRAM                        idataCOMRAM  007D8D
__ptext0                              text0        007DA2
__ptext1                              text1        007F14
__ptext2                              text2        007E60
__ptext3                              text3        007E2A
__ptext4                              text4        007DB2
__ptext5                              text5        007ED2
__ptext6                              text6        007DF8
__ptext7                              text7        007D92
__ptext8                              text8        007E98
__ramtop                              ramtop       000600
__smallconst                          smallconst   000000
_main                                 text0        007DA2
end_of_initialization                 cinit        007DF2
intlevel0                             text         000000
intlevel1                             text         000000
intlevel2                             text         000000
intlevel3                             text         000000
isa$std                               (abs)        000001
isa$xinst                             (abs)        000000
stackhi                               (abs)        000000
stacklo                               (abs)        000000
start                                 init         000000
start_initialization                  cinit        007DD2


MODULE INFORMATION

Module		Function		Class		Link	Load	Size
eeprom.c
		_EEPROMInternal_WriteBuffer		CODE           	7E60	0000	56
		_EEPROMInternal_Write		CODE           	7ED2	0000	66
		_EEPROMInternal_Read		CODE           	7D92	0000	16
		_EEPROMInternal_ReadBuffer		CODE           	7E2A	0000	54
		_EEPROMInternal_IntWrite		CODE           	7DB2	0000	32
		_EEPROMInternal_IntRead		CODE           	7DF8	0000	50

eeprom.c estimated size: 274

shared
		__initialization		CODE           	7DD2	0000	32

shared estimated size: 32

main.c
		_main          		CODE           	7DA2	0000	16
		_MCU_Init      		CODE           	7E98	0000	58
		_USER_EEPROMTest		CODE           	7F14	0000	236

main.c estimated size: 310

